chassisType:2
bleepcenter
bleeprear
bleepright
bleepleft
cbc
cp
dir
epas3p
epas3s
epbl
epblbl
epblbu
epbr
epbrbl
epbrbu
esp
espbl
espbu
espcal
esphsm
gtw3
hvbms
hvbmsbl
hvbmsbu
hvp
hvpbl
hvpbu
ibst
ibstbl
ibstbu
ibstcal
ibsthsm
opcr
pcs
pcsbl
pcsbu
pcscpu2
pmr
pmrbl
pmrbu
rcm
rcmcal
sccmk
sccmksub
sdcr
ths
vcfront
vcfrontbl
vcfrontbu
vcleft
vcleftbl
vcleftbu
vcright
vcrightbl
vcrightbu
vcsec
vcsecbl
vcsecbu
cc
umc
umc3
wc3
wc3d
authenticationEndpointLayout:0
authenticationEndpointLayout:1
bleepcradle
bleeprearleft
bleEndpointUpdateMethod:0
vcsecramapp
bleEndpointUpdateMethod:1
cabinPTCHeaterType:0
ptc
cabinPTCHeaterType:1
centerConsoleControllerType:0
centerConsoleControllerType:1
vcusb
centerConsoleControllerType:2
vcusb
compressorType:0
cmp
compressorType:1
cmpd
compressorType:2
cmpd
compressorType:3
cmps
compressorType:4
cmpd
compressorType:5
cmps
compressorType:6
cmps
compressorType:7
cmps
compressorType:8
cmps
dasHw:3
aps
ublox
dasHw:4
dasHw:5
driveInterfaceType:0
driveInterfaceType:1
pm
pmbl
pmbu
drivetrainType:0
drivetrainType:1
dif
opcf
pmf
pmfbl
pmfbu
forwardRadarHw:0
radc
forwardRadarHw:2
frontOverheadConsoleType:0
ohc
frontOverheadConsoleType:1
tohc2
frontOverheadConsoleType:2
fohm
ohlrl
ohlrr
frontOverheadConsoleType:3
fohm
ohlrl
ohlrr
headlamps:1
hcml
hcmr
headlamps:2
hcm3l
hcm3r
interiorCabinRadarType:0
interiorCabinRadarType:1
icr
icrbl
icrbu
interiorLighting:0
interiorLighting:1
interiorLighting:2
interiorLighting:3
rgbipfl
rgbipfr
rgbdoorfl
rgbdoorrl
rgbdoorfr
rgbdoorrr
lumbarECUType:0
lumbarECUType:1
lumbarl
lumbarr
lumbarECUType:2
lumbarl
lumbarECUType:3
lumbarr
lumbarECUType:4
lumbar32l
lumbar32r
lumbarECUType:5
lumbar32l
lumbarECUType:6
lumbar32r
parkAssistECUType:0
park
parkbl
parkbu
parkAssistECUType:1
usm
parkAssistECUType:2
passengerOccupancySensorType:0
ocs1p
ocs1pbl
ocs1pbu
passengerOccupancySensorType:1
passengerOccupancySensorType:3
ocs
plcSupportType:0
plcSupportType:2
cpPlcFw
cpPlcPib
powerLiftgateType:0
powerLiftgateType:1
powerLiftgateType:2
plg
plgbl
plgbu
shifterType:0
shifterType:1
disp
disposd
steeringWheelControllerType:0
swc
steeringWheelControllerType:1
swsl
swsr
steeringWheelControllerType:2
swsl
swsr
towPackage:0
towPackage:1
tlc
towPackage:2
tlc
tpmsType:0
tpms
tpmsType:1
twelveVBatteryType:0
twelveVBatteryType:1
twelveVBatteryType:2
lvbms
twelveVBatteryType:3
wiperMotorType:0
wiperMotorType:1
wiper
